 
****************************************
Report : area
Design : UART_TOP
Version: G-2012.06-ICC-SP2
Date   : Fri Aug 16 05:30:23 2019
****************************************

Library(s) Used:

    NangateOpenCellLibrary_ss0p95vn40c (File: /home/standard_cell_libraries/NangateOpenCellLibrary_PDKv1_3_v2010_12/lib/Front_End/Liberty/NLDM/NangateOpenCellLibrary_ss0p95vn40c.db)

Number of ports:                           31
Number of nets:                           347
Number of cells:                          296
Number of combinational cells:            241
Number of sequential cells:                55
Number of macros:                           0
Number of buf/inv:                         28
Number of references:                      25

Combinational area:        264.404000
Buf/Inv area:               14.896000
Noncombinational area:     292.600009
Net Interconnect area:      undefined  (Wire load has zero net area)

Total cell area:           557.004009
Total area:                 undefined
1

