Information: linking reference library: /home/standard_cell_libraries/NangateOpenCellLibrary_PDKv1_3_v2010_12/lib/Back_End/mdb. (PSYN-878)

  Linking design 'UART_TOP'
  Using the following designs and libraries:
  --------------------------------------------------------------------------
  UART_TOP                    UART_TOP_2_fp.CEL
  NangateOpenCellLibrary_ss0p95vn40c (library)
                              /home/standard_cell_libraries/NangateOpenCellLibrary_PDKv1_3_v2010_12/lib/Front_End/Liberty/NLDM/NangateOpenCellLibrary_ss0p95vn40c.db

Load global CTS reference options from NID to stack
# GUI Debug: Building dc from empty. -- Time: 139ms
Information: The design has horizontal rows, and Y-symmetry has been used for sites. (MWDC-217)
Floorplan loading succeeded.
 
****************************************
  Report: Chip Summary
  Design: UART_TOP
  Version: G-2012.06-ICC-SP2
  Date  : Fri Aug 16 08:41:53 2019
****************************************
Std cell utilization: 3.90%  (2094/(53635-0))
(Non-fixed + Fixed)
Std cell utilization: 3.90%  (2094/(53635-0))
(Non-fixed only)
Chip area:            53635    sites, bbox (15.00 15.00 134.89 134.00) um
Std cell area:        2094     sites, (non-fixed:2094   fixed:0)
                      296      cells, (non-fixed:296    fixed:0)
Macro cell area:      0        sites
                      0        cells
Placement blockages:  0        sites (excluding fixed std cells)
                      0        sites, (include fixed std cells & chimney area)
                      0        sites (complete p/g net blockages)
Routing blockages:    0        sites (partial p/g net blockages)
                      0        sites (routing blockages and signal pre-route)
Lib cell count:       25 
Avg. std cell width:  1.17 um 
Site array:           unit     (width: 0.19 um, height: 1.40 um, rows: 85)
Physical DB scale:    10000 db_unit = 1 um 

 
****************************************
  Report: pnet options
  Design: UART_TOP
  Version: G-2012.06-ICC-SP2
  Date  : Fri Aug 16 08:41:53 2019
****************************************


--------------------------------------------------------------------
Layer      Blockage   Min_width   Min_height   Via_additive     Density
--------------------------------------------------------------------
metal1     none          ---         ---       via additive      ---
metal2     none          ---         ---       via additive      ---
metal3     none          ---         ---       via additive      ---
metal4     none          ---         ---       via additive      ---
metal5     none          ---         ---       via additive      ---
metal6     none          ---         ---       via additive      ---
metal7     none          ---         ---       via additive      ---
metal8     none          ---         ---       via additive      ---
metal9     none          ---         ---       via additive      ---
metal10    none          ---         ---       via additive      ---

**********************************
      Sub-Region Utilization      
**********************************
Number of regions with placement utilization 0 - 0.125 is 306 (100.00%)
Number of regions with placement utilization 0.125 - 0.25 is 0 (0.00%)
Number of regions with placement utilization 0.25 - 0.375 is 0 (0.00%)
Number of regions with placement utilization 0.375 - 0.5 is 0 (0.00%)
Number of regions with placement utilization 0.5 - 0.625 is 0 (0.00%)
Number of regions with placement utilization 0.625 - 0.75 is 0 (0.00%)
Number of regions with placement utilization 0.75 - 0.875 is 0 (0.00%)
Number of regions with placement utilization 0.875 - 1 is 0 (0.00%)
1

