Information: linking reference library : /home/standard_cell_libraries/NangateOpenCellLibrary_PDKv1_3_v2010_12/lib/Back_End/mdb. (PSYN-878)
Information: Loading local_link_library attribute {NangateOpenCellLibrary_ss0p95vn40c.db}. (MWDC-290)

  Linking design 'UART_TOP'
  Using the following designs and libraries:
  --------------------------------------------------------------------------
  UART_TOP                    UART_TOP_6_routed.CEL
  NangateOpenCellLibrary_ss0p95vn40c (library)
                              /home/standard_cell_libraries/NangateOpenCellLibrary_PDKv1_3_v2010_12/lib/Front_End/Liberty/NLDM/NangateOpenCellLibrary_ss0p95vn40c.db

Load global CTS reference options from NID to stack
# GUI Debug: Building dc from empty. -- Time: 232ms
Information: The design has horizontal rows, and Y-symmetry has been used for sites. (MWDC-217)
Floorplan loading succeeded.

  Loading design 'UART_TOP'




Information: Library Manufacturing Grid(GridResolution) : 5
Information: Time Unit from Milkyway design library: 'ns' 
Information: Design Library and main library timing units are matched - 1.000 ns. 
Information: Resistance Unit from Milkyway design library: 'kohm' 
Warning: Mismatch in the main library and the Milkyway library resistance units. In the main library it is 1000.000 kohm and in the Milkyway design library it is 1.000 kohm. Check and correct the resistance units in the .tf and .db files. (PSYN-476)
Information: Capacitance Unit from Milkyway design library: 'ff' 
Information: Design Library and main library capacitance units are matched - 0.001 pf. 

TLU+ File = /home/standard_cell_libraries/NangateOpenCellLibrary_PDKv1_3_v2010_12/tech/rcxt/FreePDK45_10m_Cmax.tlup
TLU+ File = /home/standard_cell_libraries/NangateOpenCellLibrary_PDKv1_3_v2010_12/tech/rcxt/FreePDK45_10m_Cmin.tlup

--------- Sanity Check on TLUPlus Files -------------
1. Checking the conducting layer names in ITF and mapping file ... 
[ Passed! ]
2. Checking the via layer names in ITF and mapping file ... 
[ Passed! ]
3. Checking the consistency of Min Width and Min Spacing between MW-tech and ITF ... 
[ Passed! ]
----------------- Check Ends ------------------
Information: The distance unit in Capacitance and Resistance is 1 micron. (RCEX-007)
Information: The RC model used is detail route TLU+. (RCEX-015)
Information: Start mixed mode parasitic extraction. (RCEX-023)
Information: Start rc extraction...
Memory usage for extraction task 104 Mbytes -- main task 233 Mbytes.
Information: Parasitic source is LPE. (RCEX-040)
Information: Parasitic mode is RealRC. (RCEX-041)
Information: Using virtual shield extraction. (RCEX-081)
Information: Extraction mode is MIN_MAX. (RCEX-042)
Information: Extraction derate is -40/-40/-40. (RCEX-043)
Information: Coupling capacitances are explicitly created. (RCEX-044)
Information: Start back annotation for parasitic extraction. (RCEX-023)
Information: End back annotation for parasitic extraction. (RCEX-023)
Information: Start timing update for parasitic extraction. (RCEX-023)
Information: End timing update for parasitic extraction. (RCEX-023)
Information: End parasitic extraction. (RCEX-023)
Information: Updating graph... (UID-83)

************************************************************
SI options:
Delta Delay Computation:           true
Static Noise Computation:          true
Timing window analysis for SI:     true
Reselection in timing window:      false
Min Delta Delay for SI:            true
Analysis Effort:                   medium
Max Transition Mode:               normal_slew
Static Noise Thresholds:           0.35 (0.33V) above low
                                   0.35 (0.33V) below high
Route xtalk prevention:            true
Route xtalk prevention threshold:  0.35
************************************************************

Information: Updating design information... (UID-85)

************************************************************
SI options:
Delta Delay Computation:           true
Static Noise Computation:          true
Timing window analysis for SI:     true
Reselection in timing window:      false
Min Delta Delay for SI:            true
Analysis Effort:                   medium
Max Transition Mode:               normal_slew
Static Noise Thresholds:           0.35 (0.33V) above low
                                   0.35 (0.33V) below high
Route xtalk prevention:            true
Route xtalk prevention threshold:  0.35
************************************************************

Information: Input delay ('rise') on clock port 'CLK' will be added to the clock's propagated skew. (TIM-112)
Information: Input delay ('fall') on clock port 'CLK' will be added to the clock's propagated skew. (TIM-112)
Information: Total 722 nets in the design, 722 nets have timing window. (TIM-180)
Information: Input delay ('rise') on clock port 'CLK' will be added to the clock's propagated skew. (TIM-112)
Information: Input delay ('fall') on clock port 'CLK' will be added to the clock's propagated skew. (TIM-112)
 
****************************************
Report : qor
Design : UART_TOP
Version: G-2012.06-ICC-SP2
Date   : Fri Aug 16 05:54:12 2019
****************************************


  Timing Path Group 'CLK'
  -----------------------------------
  Levels of Logic:              20.00
  Critical Path Length:          0.82
  Critical Path Slack:           7.00
  Critical Path Clk Period:     10.00
  Total Negative Slack:          0.00
  No. of Violating Paths:        0.00
  Worst Hold Violation:          0.00
  Total Hold Violation:          0.00
  No. of Hold Violations:        0.00
  -----------------------------------


  Cell Count
  -----------------------------------
  Hierarchical Cell Count:          0
  Hierarchical Port Count:          0
  Leaf Cell Count:                648
  Buf/Inv Cell Count:             380
  CT Buf/Inv Cell Count:            8
  Combinational Cell Count:       593
  Sequential Cell Count:           55
  Macro Count:                      0
  -----------------------------------


  Area
  -----------------------------------
  Combinational Area:      613.129991
  Noncombinational Area:   292.600009
  Buf/Inv Area:            300.845993
  Net Area:                  0.000000
  Net XLength        :        7653.06
  Net YLength        :        7431.45
  -----------------------------------
  Cell Area:               905.730000
  Design Area:             905.730000
  Net Length        :        15084.52


  Design Rules
  -----------------------------------
  Total Number of Nets:           699
  Nets With Violations:             4
  Max Trans Violations:             0
  Max Cap Violations:               4
  -----------------------------------


  Hostname: localhost.localdomain

  Compile CPU Statistics
  -----------------------------------------
  Resource Sharing:                    0.00
  Logic Optimization:                  0.00
  Mapping Optimization:                0.99
  -----------------------------------------
  Overall Compile Time:                1.05
  Overall Compile Wall Clock Time:     1.30

1

