 
****************************************
Report : qor
Design : UART_TOP
Version: G-2012.06-SP2
Date   : Sat Aug  3 09:36:54 2019
****************************************


  Timing Path Group 'CLK'
  -----------------------------------
  Levels of Logic:              17.00
  Critical Path Length:          0.88
  Critical Path Slack:           6.90
  Critical Path Clk Period:     10.00
  Total Negative Slack:          0.00
  No. of Violating Paths:        0.00
  Worst Hold Violation:         -0.10
  Total Hold Violation:         -4.27
  No. of Hold Violations:       55.00
  -----------------------------------


  Cell Count
  -----------------------------------
  Hierarchical Cell Count:          0
  Hierarchical Port Count:          0
  Leaf Cell Count:                304
  Buf/Inv Cell Count:              29
  CT Buf/Inv Cell Count:            0
  Combinational Cell Count:       249
  Sequential Cell Count:           55
  Macro Count:                      0
  -----------------------------------


  Area
  -----------------------------------
  Combinational Area:      264.404000
  Noncombinational Area:   292.600009
  Buf/Inv Area:             15.428000
  Net Area:                  0.000000
  -----------------------------------
  Cell Area:               557.004009
  Design Area:             557.004009


  Design Rules
  -----------------------------------
  Total Number of Nets:           365
  Nets With Violations:             0
  Max Trans Violations:             0
  Max Cap Violations:               0
  -----------------------------------


  Hostname: localhost.localdomain

  Compile CPU Statistics
  -----------------------------------------
  Resource Sharing:                    0.00
  Logic Optimization:                  0.13
  Mapping Optimization:                0.88
  -----------------------------------------
  Overall Compile Time:                1.91
  Overall Compile Wall Clock Time:    17.26

1

