Report: area
Design: UART_TOP
Version: G-2012.06-ICC-SP2
Date  : Fri Aug 16 05:38:27 2019
****************************************

Library(s) Used:

    NangateOpenCellLibrary_ss0p95vn40c (File: /home/standard_cell_libraries/NangateOpenCellLibrary_PDKv1_3_v2010_12/lib/Front_End/Liberty/NLDM/NangateOpenCellLibrary_ss0p95vn40c.db)

Number of ports:                           31
Number of nets:                           348
Number of cells:                          297
Number of combinational cells:            242
Number of sequential cells:                55
Number of macros:                           0
Number of buf/inv:                         29
Number of references:                      26

Combinational area:        268.926000
Buf/Inv area:               18.354000
Noncombinational area:     292.600009
Net Interconnect area:      undefined  (Wire load has zero net area)

Total cell area:           561.526009
Total area:                 undefined
1

