 
****************************************
  Report: Chip Summary
  Design: UART_TOP
  Version: G-2012.06-ICC-SP2
  Date  : Fri Aug 16 05:38:27 2019
****************************************
Std cell utilization: 3.94%  (2111/(53635-0))
(Non-fixed + Fixed)
Std cell utilization: 3.94%  (2111/(53635-0))
(Non-fixed only)
Chip area:            53635    sites, bbox (15.00 15.00 134.89 134.00) um
Std cell area:        2111     sites, (non-fixed:2111   fixed:0)
                      297      cells, (non-fixed:297    fixed:0)
Macro cell area:      0        sites
                      0        cells
Placement blockages:  0        sites (excluding fixed std cells)
                      0        sites, (include fixed std cells & chimney area)
                      0        sites (complete p/g net blockages)
Routing blockages:    0        sites (partial p/g net blockages)
                      0        sites (routing blockages and signal pre-route)
Lib cell count:       26 
Avg. std cell width:  1.25 um 
Site array:           unit     (width: 0.19 um, height: 1.40 um, rows: 85)
Physical DB scale:    10000 db_unit = 1 um 

 
****************************************
  Report: pnet options
  Design: UART_TOP
  Version: G-2012.06-ICC-SP2
  Date  : Fri Aug 16 05:38:27 2019
****************************************


--------------------------------------------------------------------
Layer      Blockage   Min_width   Min_height   Via_additive     Density
--------------------------------------------------------------------
metal1     none          ---         ---       via additive      ---
metal2     none          ---         ---       via additive      ---
metal3     none          ---         ---       via additive      ---
metal4     none          ---         ---       via additive      ---
metal5     none          ---         ---       via additive      ---
metal6     none          ---         ---       via additive      ---
metal7     none          ---         ---       via additive      ---
metal8     none          ---         ---       via additive      ---
metal9     none          ---         ---       via additive      ---
metal10    none          ---         ---       via additive      ---

**********************************
      Sub-Region Utilization      
**********************************
Number of regions with placement utilization 0 - 0.125 is 306 (100.00%)
Number of regions with placement utilization 0.125 - 0.25 is 0 (0.00%)
Number of regions with placement utilization 0.25 - 0.375 is 0 (0.00%)
Number of regions with placement utilization 0.375 - 0.5 is 0 (0.00%)
Number of regions with placement utilization 0.5 - 0.625 is 0 (0.00%)
Number of regions with placement utilization 0.625 - 0.75 is 0 (0.00%)
Number of regions with placement utilization 0.75 - 0.875 is 0 (0.00%)
Number of regions with placement utilization 0.875 - 1 is 0 (0.00%)
1

