 
****************************************
Report : constraint
        -all_violators
Design : UART_TOP
Version: G-2012.06-ICC-SP2
Date   : Fri Aug 16 06:15:36 2019
****************************************

	Parasitic source    : LPE
	Parasitic mode      : RealRC
	Extraction mode    : MIN_MAX
	Extraction derating : -40/-40/-40

   max_capacitance

                             Required        Actual
   Net                      Capacitance    Capacitance       Slack
   -----------------------------------------------------------------
   n528                        60.65          83.38         -22.73  (VIOLATED)
   n331                        13.01          20.90          -7.89  (VIOLATED)
   n358                        13.01          16.45          -3.44  (VIOLATED)
   n269                        14.50          16.31          -1.81  (VIOLATED)

   -----------------------------------------------------------------
   Total                      4                 -35.88  

1

